// Jest Snapshot v1, https://goo.gl/fbAQLP

exports[`add funtionality should add single data item into store 1`] = `
Object {
  "data": "https://rishabhchawla.co",
  "id": "test#7",
  "key": "rishabh",
}
`;
